### Download using wget and the link of the 'Ubuntu_Linux_64_bit_archive' in the directory of SRA-toolkit to
$ wget https://ftp-trace.ncbi.nlm.nih.gov/sra/sdk/3.0.10/sratoolkit.3.0.10-ubuntu64.tar.gz
### download in the directory and finish with this informations: ‘sratoolkit.3.0.10-ubuntu64.tar.gz.1’ saved [93498661/93498661]

### Uzip the docment you should unzip the 'tar.gz' using the code 'tar xfvz'
$ ls
$       sratoolkit.3.0.10-ubuntu64.tar.gz
### tar means 'tape archive' to creat a Archive and Extract the Archive files
### xfvz its a pool of commands = x means extract | f means file | v means verbose | z means gzip
$ tar xfvz sratoolkit.3.0.10-ubuntu64.tar.gz
### extract everything, can you see-> gzip: stdin: unexpected end of file
###                                   tar: Unexpected EOF in archive
###                                   tar: Unexpected EOF in archive
###                                   tar: Error is not recoverable: exiting now
$ cd sratoolkit.3.0.10-ubuntu64/bin
### inside the sratoolkit directory you will see "bin" , "CHANGE" , "more"      
### download the fasta document using the Run <SRR_______>
### the . (dot) means "doing in this directory" = runs a shell script in the current environment 
### the / () means 
$ ./fasterq-dump SRR26821455
### wait download for the NCBI
### wiil show this message -> spots read      : 5,463,893
###                           reads read      : 10,927,786
###                           reads written   : 10,927,786

### Do individual both FASQC archives was downloaded (SRR26821455_1.fastq and SRR26821455_2.fastq)
$ apt install fastqc
$ fastqc SRR26821455_1.fastq
$ fastqc SRR26821455_2.fastq
### download with faster-dump the data of the specie you want
### wait the download
### return SRR26821455_1.fastq.html and SRR26821455_2.fastq.html
open the both 
### Extract the both files

### MultiQC use to summarize all fastqc files in on image
$ wget https://github.com/MultiQC/MultiQC.git
$ tar xfvz 
$ cd  MultiQC
$ make
### wait download and after use the in the folder with all fastaqc documents
$ multiqc .
### the result will be in html format, and the data is quality and duplication tax
